[    0.000000] Linux version 4.15.0-124-generic (buildd@lgw01-amd64-029) (gcc version 7.5.0 (Ubuntu 7.5.0-3ubuntu1~18.04)) #127-Ubuntu SMP Fri Nov 6 10:54:43 UTC 2020 (Ubuntu 4.15.0-124.127-generic 4.15.18)
[    0.000000] Command line: BOOT_IMAGE=/boot/vmlinuz-4.15.0-124-generic root=LABEL=cloudimg-rootfs ro console=tty1 console=ttyS0
[    0.000000] KERNEL supported cpus:
[    0.000000]   Intel GenuineIntel
[    0.000000]   AMD AuthenticAMD
[    0.000000]   Centaur CentaurHauls
[    0.000000] x86/fpu: x87 FPU will use FXSAVE
[    0.000000] e820: BIOS-provided physical RAM map:
[    0.000000] BIOS-e820: [mem 0x0000000000000000-0x000000000009fbff] usable
[    0.000000] BIOS-e820: [mem 0x000000000009fc00-0x000000000009ffff] reserved
[    0.000000] BIOS-e820: [mem 0x00000000000f0000-0x00000000000fffff] reserved
[    0.000000] BIOS-e820: [mem 0x0000000000100000-0x00000000dffeffff] usable
[    0.000000] BIOS-e820: [mem 0x00000000dfff0000-0x00000000dfffffff] ACPI data
[    0.000000] BIOS-e820: [mem 0x00000000fec00000-0x00000000fec00fff] reserved
[    0.000000] BIOS-e820: [mem 0x00000000fee00000-0x00000000fee00fff] reserved
[    0.000000] BIOS-e820: [mem 0x00000000fffc0000-0x00000000ffffffff] reserved
[    0.000000] BIOS-e820: [mem 0x0000000100000000-0x000000011fffffff] usable
[    0.000000] NX (Execute Disable) protection: active
[    0.000000] SMBIOS 2.5 present.
[    0.000000] DMI: innotek GmbH VirtualBox/VirtualBox, BIOS VirtualBox 12/01/2006
[    0.000000] Hypervisor detected: KVM
[    0.000000] e820: last_pfn = 0x120000 max_arch_pfn = 0x400000000
[    0.000000] MTRR: Disabled
[    0.000000] x86/PAT: MTRRs disabled, skipping PAT initialization too.
[    0.000000] CPU MTRRs all blank - virtualized system.
[    0.000000] x86/PAT: Configuration [0-7]: WB  WT  UC- UC  WB  WT  UC- UC  
[    0.000000] e820: last_pfn = 0xdfff0 max_arch_pfn = 0x400000000
[    0.000000] found SMP MP-table at [mem 0x0009fff0-0x0009ffff]
[    0.000000] Scanning 1 areas for low memory corruption
[    0.000000] RAMDISK: [mem 0x35a67000-0x36d2afff]
[    0.000000] ACPI: Early table checksum verification disabled
[    0.000000] ACPI: RSDP 0x00000000000E0000 000024 (v02 VBOX  )
[    0.000000] ACPI: XSDT 0x00000000DFFF0030 00003C (v01 VBOX   VBOXXSDT 00000001 ASL  00000061)
[    0.000000] ACPI: FACP 0x00000000DFFF00F0 0000F4 (v04 VBOX   VBOXFACP 00000001 ASL  00000061)
[    0.000000] ACPI: DSDT 0x00000000DFFF0470 002325 (v02 VBOX   VBOXBIOS 00000002 INTL 20100528)
[    0.000000] ACPI: FACS 0x00000000DFFF0200 000040
[    0.000000] ACPI: FACS 0x00000000DFFF0200 000040
[    0.000000] ACPI: APIC 0x00000000DFFF0240 00005C (v02 VBOX   VBOXAPIC 00000001 ASL  00000061)
[    0.000000] ACPI: SSDT 0x00000000DFFF02A0 0001CC (v01 VBOX   VBOXCPUT 00000002 INTL 20100528)
[    0.000000] No NUMA configuration found
[    0.000000] Faking a node at [mem 0x0000000000000000-0x000000011fffffff]
[    0.000000] NODE_DATA(0) allocated [mem 0x11ffd1000-0x11fffbfff]
[    0.000000] kvm-clock: cpu 0, msr 1:1ff50001, primary cpu clock
[    0.000000] kvm-clock: Using msrs 4b564d01 and 4b564d00
[    0.000000] kvm-clock: using sched offset of 12416347714 cycles
[    0.000000] clocksource: kvm-clock: mask: 0xffffffffffffffff max_cycles: 0x1cd42e4dffb, max_idle_ns: 881590591483 ns
[    0.000000] Zone ranges:
[    0.000000]   DMA      [mem 0x0000000000001000-0x0000000000ffffff]
[    0.000000]   DMA32    [mem 0x0000000001000000-0x00000000ffffffff]
[    0.000000]   Normal   [mem 0x0000000100000000-0x000000011fffffff]
[    0.000000]   Device   empty
[    0.000000] Movable zone start for each node
[    0.000000] Early memory node ranges
[    0.000000]   node   0: [mem 0x0000000000001000-0x000000000009efff]
[    0.000000]   node   0: [mem 0x0000000000100000-0x00000000dffeffff]
[    0.000000]   node   0: [mem 0x0000000100000000-0x000000011fffffff]
[    0.000000] Reserved but unavailable: 98 pages
[    0.000000] Initmem setup node 0 [mem 0x0000000000001000-0x000000011fffffff]
[    0.000000] ACPI: PM-Timer IO Port: 0x4008
[    0.000000] IOAPIC[0]: apic_id 2, version 32, address 0xfec00000, GSI 0-23
[    0.000000] ACPI: INT_SRC_OVR (bus 0 bus_irq 0 global_irq 2 dfl dfl)
[    0.000000] ACPI: INT_SRC_OVR (bus 0 bus_irq 9 global_irq 9 low level)
[    0.000000] Using ACPI (MADT) for SMP configuration information
[    0.000000] smpboot: Allowing 2 CPUs, 0 hotplug CPUs
[    0.000000] PM: Registered nosave memory: [mem 0x00000000-0x00000fff]
[    0.000000] PM: Registered nosave memory: [mem 0x0009f000-0x0009ffff]
[    0.000000] PM: Registered nosave memory: [mem 0x000a0000-0x000effff]
[    0.000000] PM: Registered nosave memory: [mem 0x000f0000-0x000fffff]
[    0.000000] PM: Registered nosave memory: [mem 0xdfff0000-0xdfffffff]
[    0.000000] PM: Registered nosave memory: [mem 0xe0000000-0xfebfffff]
[    0.000000] PM: Registered nosave memory: [mem 0xfec00000-0xfec00fff]
[    0.000000] PM: Registered nosave memory: [mem 0xfec01000-0xfedfffff]
[    0.000000] PM: Registered nosave memory: [mem 0xfee00000-0xfee00fff]
[    0.000000] PM: Registered nosave memory: [mem 0xfee01000-0xfffbffff]
[    0.000000] PM: Registered nosave memory: [mem 0xfffc0000-0xffffffff]
[    0.000000] e820: [mem 0xe0000000-0xfebfffff] available for PCI devices
[    0.000000] Booting paravirtualized kernel on KVM
[    0.000000] clocksource: refined-jiffies: mask: 0xffffffff max_cycles: 0xffffffff, max_idle_ns: 7645519600211568 ns
[    0.000000] random: get_random_bytes called from start_kernel+0x99/0x500 with crng_init=0
[    0.000000] setup_percpu: NR_CPUS:8192 nr_cpumask_bits:2 nr_cpu_ids:2 nr_node_ids:1
[    0.000000] percpu: Embedded 45 pages/cpu s147456 r8192 d28672 u1048576
[    0.000000] PV qspinlock hash table entries: 256 (order: 0, 4096 bytes)
[    0.000000] Built 1 zonelists, mobility grouping on.  Total pages: 1032057
[    0.000000] Policy zone: Normal
[    0.000000] Kernel command line: BOOT_IMAGE=/boot/vmlinuz-4.15.0-124-generic root=LABEL=cloudimg-rootfs ro console=tty1 console=ttyS0
[    0.000000] Memory: 4013640K/4193848K available (12300K kernel code, 2482K rwdata, 4272K rodata, 2436K init, 2724K bss, 180208K reserved, 0K cma-reserved)
[    0.000000] SLUB: HWalign=64, Order=0-3, MinObjects=0, CPUs=2, Nodes=1
[    0.000000] Kernel/User page tables isolation: enabled
[    0.000000] ftrace: allocating 39402 entries in 154 pages
[    0.004000] Hierarchical RCU implementation.
[    0.004000] 	RCU restricting CPUs from NR_CPUS=8192 to nr_cpu_ids=2.
[    0.004000] 	Tasks RCU enabled.
[    0.004000] RCU: Adjusting geometry for rcu_fanout_leaf=16, nr_cpu_ids=2
[    0.004000] NR_IRQS: 524544, nr_irqs: 440, preallocated irqs: 16
[    0.004000] Console: colour VGA+ 80x25
[    0.004000] console [tty1] enabled
[    0.004000] console [ttyS0] enabled
[    0.004000] ACPI: Core revision 20170831
[    0.004000] ACPI: 2 ACPI AML tables successfully acquired and loaded
[    0.004000] APIC: Switch to symmetric I/O mode setup
[    0.004000] ..TIMER: vector=0x30 apic1=0 pin1=2 apic2=-1 pin2=-1
[    0.004011] tsc: Detected 1991.999 MHz processor
[    0.008025] Calibrating delay loop (skipped) preset value.. 3983.99 BogoMIPS (lpj=7967996)
[    0.012012] pid_max: default: 32768 minimum: 301
[    0.016190] Security Framework initialized
[    0.020014] Yama: becoming mindful.
[    0.028226] AppArmor: AppArmor initialized
[    0.092622] Dentry cache hash table entries: 524288 (order: 10, 4194304 bytes)
[    0.145745] Inode-cache hash table entries: 262144 (order: 9, 2097152 bytes)
[    0.148715] Mount-cache hash table entries: 8192 (order: 4, 65536 bytes)
[    0.152955] Mountpoint-cache hash table entries: 8192 (order: 4, 65536 bytes)
[    0.162328] Last level iTLB entries: 4KB 64, 2MB 8, 4MB 8
[    0.164011] Last level dTLB entries: 4KB 64, 2MB 0, 4MB 0, 1GB 4
[    0.168017] Spectre V1 : Mitigation: usercopy/swapgs barriers and __user pointer sanitization
[    0.172012] Spectre V2 : Mitigation: Full generic retpoline
[    0.176009] Spectre V2 : Spectre v2 / SpectreRSB mitigation: Filling RSB on context switch
[    0.180034] Speculative Store Bypass: Vulnerable
[    0.184085] MDS: Mitigation: Clear CPU buffers
[    0.188331] Freeing SMP alternatives memory: 36K
[    0.325151] smpboot: CPU0: Intel(R) Core(TM) i3-6006U CPU @ 2.00GHz (family: 0x6, model: 0x4e, stepping: 0x3)
[    0.332169] Performance Events: unsupported p6 CPU model 78 no PMU driver, software events only.
[    0.337368] Hierarchical SRCU implementation.
[    0.344229] NMI watchdog: Perf event create on CPU 0 failed with -2
[    0.348010] NMI watchdog: Perf NMI watchdog permanently disabled
[    0.352960] smp: Bringing up secondary CPUs ...
[    0.361833] x86: Booting SMP configuration:
[    0.364012] .... node  #0, CPUs:      #1
[    0.004000] kvm-clock: cpu 1, msr 1:1ff50041, secondary cpu clock
[    0.383064] TSC synchronization [CPU#0 -> CPU#1]:
[    0.384000] Measured 187560 cycles TSC warp between CPUs, turning off TSC clock.
[    0.384000] tsc: Marking TSC unstable due to check_tsc_sync_source failed
[    0.388686] smp: Brought up 1 node, 2 CPUs
[    0.392016] smpboot: Max logical packages: 1
[    0.396017] smpboot: Total of 2 processors activated (7967.99 BogoMIPS)
[    0.408228] devtmpfs: initialized
[    0.412396] x86/mm: Memory block size: 128MB
[    0.430328] evm: security.selinux
[    0.432009] evm: security.SMACK64
[    0.436009] evm: security.SMACK64EXEC
[    0.440013] evm: security.SMACK64TRANSMUTE
[    0.444009] evm: security.SMACK64MMAP
[    0.448014] evm: security.apparmor
[    0.452009] evm: security.ima
[    0.456039] evm: security.capability
[    0.476627] clocksource: jiffies: mask: 0xffffffff max_cycles: 0xffffffff, max_idle_ns: 7645041785100000 ns
[    0.480032] futex hash table entries: 512 (order: 3, 32768 bytes)
[    0.488437] pinctrl core: initialized pinctrl subsystem
[    0.496314] RTC time: 15:27:04, date: 03/26/21
[    0.504642] NET: Registered protocol family 16
[    0.508426] audit: initializing netlink subsys (disabled)
[    0.516022] audit: type=2000 audit(1616772442.214:1): state=initialized audit_enabled=0 res=1
[    0.524037] cpuidle: using governor ladder
[    0.540559] cpuidle: using governor menu
[    0.544103] ACPI: bus type PCI registered
[    0.548012] acpiphp: ACPI Hot Plug PCI Controller Driver version: 0.5
[    0.553388] PCI: Using configuration type 1 for base access
[    0.580028] HugeTLB registered 2.00 MiB page size, pre-allocated 0 pages
[    0.601288] ACPI: Added _OSI(Module Device)
[    0.604017] ACPI: Added _OSI(Processor Device)
[    0.608013] ACPI: Added _OSI(3.0 _SCP Extensions)
[    0.612012] ACPI: Added _OSI(Processor Aggregator Device)
[    0.616015] ACPI: Added _OSI(Linux-Dell-Video)
[    0.620013] ACPI: Added _OSI(Linux-Lenovo-NV-HDMI-Audio)
[    0.624013] ACPI: Added _OSI(Linux-HPI-Hybrid-Graphics)
[    0.632536] ACPI: Executed 1 blocks of module-level executable AML code
[    0.674243] ACPI: Interpreter enabled
[    0.676049] ACPI: (supports S0 S5)
[    0.680012] ACPI: Using IOAPIC for interrupt routing
[    0.684924] PCI: Using host bridge windows from ACPI; if necessary, use "pci=nocrs" and report a bug
[    0.688529] ACPI: Enabled 2 GPEs in block 00 to 07
[    0.757667] ACPI: PCI Root Bridge [PCI0] (domain 0000 [bus 00-ff])
[    0.760107] acpi PNP0A03:00: _OSC: OS supports [ASPM ClockPM Segments MSI]
[    0.769355] acpi PNP0A03:00: _OSC: not requesting OS control; OS requires [ExtendedConfig ASPM ClockPM MSI]
[    0.772089] acpi PNP0A03:00: fail to add MMCONFIG information, can't access extended PCI configuration space under this bridge.
[    0.781274] PCI host bridge to bus 0000:00
[    0.784015] pci_bus 0000:00: root bus resource [io  0x0000-0x0cf7 window]
[    0.788016] pci_bus 0000:00: root bus resource [io  0x0d00-0xffff window]
[    0.792013] pci_bus 0000:00: root bus resource [mem 0x000a0000-0x000bffff window]
[    0.796014] pci_bus 0000:00: root bus resource [mem 0xe0000000-0xfdffffff window]
[    0.800016] pci_bus 0000:00: root bus resource [bus 00-ff]
[    0.817895] pci 0000:00:01.1: legacy IDE quirk: reg 0x10: [io  0x01f0-0x01f7]
[    0.820016] pci 0000:00:01.1: legacy IDE quirk: reg 0x14: [io  0x03f6]
[    0.824015] pci 0000:00:01.1: legacy IDE quirk: reg 0x18: [io  0x0170-0x0177]
[    0.828014] pci 0000:00:01.1: legacy IDE quirk: reg 0x1c: [io  0x0376]
[    0.996574] pci 0000:00:07.0: quirk: [io  0x4000-0x403f] claimed by PIIX4 ACPI
[    1.052074] pci 0000:00:07.0: quirk: [io  0x4100-0x410f] claimed by PIIX4 SMB
[    1.184405] ACPI: PCI Interrupt Link [LNKA] (IRQs 5 9 10 *11)
[    1.236832] ACPI: PCI Interrupt Link [LNKB] (IRQs 5 9 *10 11)
[    1.284907] ACPI: PCI Interrupt Link [LNKC] (IRQs 5 *9 10 11)
[    1.340065] ACPI: PCI Interrupt Link [LNKD] (IRQs 5 9 10 *11)
[    1.396181] SCSI subsystem initialized
[    1.436317] pci 0000:00:02.0: vgaarb: setting as boot VGA device
[    1.440000] pci 0000:00:02.0: vgaarb: VGA device added: decodes=io+mem,owns=io+mem,locks=none
[    1.540018] pci 0000:00:02.0: vgaarb: bridge control possible
[    1.580009] vgaarb: loaded
[    1.604066] ACPI: bus type USB registered
[    1.632191] usbcore: registered new interface driver usbfs
[    1.672051] usbcore: registered new interface driver hub
[    1.712376] usbcore: registered new device driver usb
[    1.756685] EDAC MC: Ver: 3.0.0
[    1.792833] PCI: Using ACPI for IRQ routing
[    1.801221] NetLabel: Initializing
[    1.808010] NetLabel:  domain hash size = 128
[    1.820007] NetLabel:  protocols = UNLABELED CIPSOv4 CALIPSO
[    1.836060] NetLabel:  unlabeled traffic allowed by default
[    1.848617] clocksource: Switched to clocksource kvm-clock
[    1.989776] VFS: Disk quotas dquot_6.6.0
[    1.997901] VFS: Dquot-cache hash table entries: 512 (order 0, 4096 bytes)
[    2.013631] AppArmor: AppArmor Filesystem Enabled
[    2.023670] pnp: PnP ACPI init
[    2.035118] pnp: PnP ACPI: found 3 devices
[    2.057312] clocksource: acpi_pm: mask: 0xffffff max_cycles: 0xffffff, max_idle_ns: 2085701024 ns
[    2.076834] NET: Registered protocol family 2
[    2.086770] TCP established hash table entries: 32768 (order: 6, 262144 bytes)
[    2.105899] TCP bind hash table entries: 32768 (order: 7, 524288 bytes)
[    2.124000] TCP: Hash tables configured (established 32768 bind 32768)
[    2.141657] UDP hash table entries: 2048 (order: 4, 65536 bytes)
[    2.155071] UDP-Lite hash table entries: 2048 (order: 4, 65536 bytes)
[    2.169809] NET: Registered protocol family 1
[    2.179018] pci 0000:00:00.0: Limiting direct PCI/PCI transfers
[    2.193537] pci 0000:00:01.0: Activating ISA DMA hang workarounds
[    2.208550] pci 0000:00:02.0: Video device with shadowed ROM at [mem 0x000c0000-0x000dffff]
[    2.228889] Unpacking initramfs...
[    4.136062] Freeing initrd memory: 19216K
[    4.147173] PCI-DMA: Using software bounce buffering for IO (SWIOTLB)
[    4.162463] software IO TLB: mapped [mem 0xdbff0000-0xdfff0000] (64MB)
[    4.178303] clocksource: tsc: mask: 0xffffffffffffffff max_cycles: 0x396d4ffc055, max_idle_ns: 881590662783 ns
[    4.200899] platform rtc_cmos: registered platform RTC device (no PNP device found)
[    4.218267] Scanning for low memory corruption every 60 seconds
[    4.234433] Initialise system trusted keyrings
[    4.245098] Key type blacklist registered
[    4.255300] workingset: timestamp_bits=36 max_order=20 bucket_order=0
[    4.277460] zbud: loaded
[    4.287795] squashfs: version 4.0 (2009/01/31) Phillip Lougher
[    4.304942] fuse init (API version 7.26)
[    4.367743] Key type asymmetric registered
[    4.378576] Asymmetric key parser 'x509' registered
[    4.389180] Block layer SCSI generic (bsg) driver version 0.4 loaded (major 246)
[    4.405378] io scheduler noop registered
[    4.412013] io scheduler deadline registered
[    4.421984] io scheduler cfq registered (default)
[    4.433784] ACPI: AC Adapter [AC] (off-line)
[    4.443856] input: Power Button as /devices/LNXSYSTM:00/LNXPWRBN:00/input/input0
[    4.469469] ACPI: Power Button [PWRF]
[    4.478314] input: Sleep Button as /devices/LNXSYSTM:00/LNXSLPBN:00/input/input1
[    4.497579] ACPI: Sleep Button [SLPF]
[    4.508638] Serial: 8250/16550 driver, 32 ports, IRQ sharing enabled
[    4.511531] ACPI: Battery Slot [BAT0] (battery present)
[    4.577055] 00:02: ttyS0 at I/O 0x3f8 (irq = 4, base_baud = 115200) is a 16550A
[    4.598362] Linux agpgart interface v0.103
[    4.622307] loop: module loaded
[    4.635623] scsi host0: ata_piix
[    4.647345] scsi host1: ata_piix
[    4.655765] ata1: PATA max UDMA/33 cmd 0x1f0 ctl 0x3f6 bmdma 0xd000 irq 14
[    4.669473] ata2: PATA max UDMA/33 cmd 0x170 ctl 0x376 bmdma 0xd008 irq 15
[    4.683472] libphy: Fixed MDIO Bus: probed
[    4.694046] tun: Universal TUN/TAP device driver, 1.6
[    4.705827] PPP generic driver version 2.4.2
[    4.714750] ehci_hcd: USB 2.0 'Enhanced' Host Controller (EHCI) Driver
[    4.728514] ehci-pci: EHCI PCI platform driver
[    4.737472] ehci-platform: EHCI generic platform driver
[    4.748008] ohci_hcd: USB 1.1 'Open' Host Controller (OHCI) Driver
[    4.761670] ohci-pci: OHCI PCI platform driver
[    4.769684] ohci-platform: OHCI generic platform driver
[    4.778464] uhci_hcd: USB Universal Host Controller Interface driver
[    4.791905] i8042: PNP: PS/2 Controller [PNP0303:PS2K,PNP0f03:PS2M] at 0x60,0x64 irq 1,12
[    4.817137] serio: i8042 KBD port at 0x60,0x64 irq 1
[    4.826329] serio: i8042 AUX port at 0x60,0x64 irq 12
[    4.837599] mousedev: PS/2 mouse device common for all mice
[    4.853524] input: AT Translated Set 2 keyboard as /devices/platform/i8042/serio0/input/input2
[    4.881520] rtc_cmos rtc_cmos: rtc core: registered rtc_cmos as rtc0
[    4.897456] rtc_cmos rtc_cmos: alarms up to one day, 114 bytes nvram
[    4.911553] i2c /dev entries driver
[    4.920280] device-mapper: uevent: version 1.0.3
[    4.929985] device-mapper: ioctl: 4.37.0-ioctl (2017-09-20) initialised: dm-devel@redhat.com
[    4.961090] ledtrig-cpu: registered to indicate activity on CPUs
[    4.983195] NET: Registered protocol family 10
[    5.017617] Segment Routing with IPv6
[    5.025414] NET: Registered protocol family 17
[    5.035723] Key type dns_resolver registered
[    5.046626] mce: Using 0 MCE banks
[    5.054350] RAS: Correctable Errors collector initialized.
[    5.065567] sched_clock: Marking stable (5065457855, 0)->(15824556656, -10759098801)
[    5.089217] registered taskstats version 1
[    5.097351] Loading compiled-in X.509 certificates
[    5.116258] Loaded X.509 cert 'Build time autogenerated kernel key: be62403dcace2d46f96dafa9f42421c610ef3c2a'
[    5.136801] zswap: loaded using pool lzo/zbud
[    5.169100] Key type big_key registered
[    5.177953] Key type trusted registered
[    5.201459] Key type encrypted registered
[    5.207999] AppArmor: AppArmor sha1 policy hashing enabled
[    5.221395] ima: No TPM chip found, activating TPM-bypass! (rc=-19)
[    5.241954] ima: Allocated hash algorithm: sha1
[    5.253007] evm: HMAC attrs: 0x1
[    5.260699]   Magic number: 13:452:488
[    5.270062] regulator regulator.0: hash matches
[    5.279153] rtc_cmos rtc_cmos: setting system clock to 2021-03-26 15:27:09 UTC (1616772429)
[    5.301870] BIOS EDD facility v0.16 2004-Jun-25, 0 devices found
[    5.316922] EDD information not available.
[    5.345782] Freeing unused kernel image memory: 2436K
[    5.376624] Write protecting the kernel read-only data: 20480k
[    5.396001] Freeing unused kernel image memory: 2008K
[    5.424426] Freeing unused kernel image memory: 1872K
[    5.462168] x86/mm: Checked W+X mappings: passed, no W+X pages found.
[    5.480380] x86/mm: Checking user space page tables
[    5.504646] x86/mm: Checked W+X mappings: passed, no W+X pages found.
Loading, please wait...
starting version 237
[    5.882873] e1000: Intel(R) PRO/1000 Network Driver - version 7.3.21-k8-NAPI
[    5.898891] e1000: Copyright (c) 1999-2006 Intel Corporation.
[    5.914658] Fusion MPT base driver 3.04.20
[    5.926649] Copyright (c) 1999-2008 LSI Corporation
[    5.971004] Fusion MPT SPI Host driver 3.04.20
[    6.004220] mptbase: ioc0: Initiating bringup
[    6.275807] ioc0: LSI53C1030 A0: Capabilities={Initiator}
[    6.325220] input: ImExPS/2 Generic Explorer Mouse as /devices/platform/i8042/serio1/input/input4
[    7.170292] random: fast init done
[    7.177694] scsi host2: ioc0: LSI53C1030 A0, FwRev=00000000h, Ports=1, MaxQ=256, IRQ=20
[    7.189441] random: systemd-udevd: uninitialized urandom read (16 bytes read)
[    7.201223] random: systemd-udevd: uninitialized urandom read (16 bytes read)
[    7.211553] random: systemd-udevd: uninitialized urandom read (16 bytes read)
[    7.831171] scsi 2:0:0:0: Direct-Access     VBOX     HARDDISK         1.0  PQ: 0 ANSI: 5
[    8.224619] scsi target2:0:0: Beginning Domain Validation
[    8.275088] scsi target2:0:0: Domain Validation skipping write tests
[    8.304397] scsi target2:0:0: Ending Domain Validation
[    8.319929] scsi target2:0:0: asynchronous
[    8.345062] scsi 2:0:1:0: Direct-Access     VBOX     HARDDISK         1.0  PQ: 0 ANSI: 5
[    8.820892] scsi target2:0:1: Beginning Domain Validation
[    8.917756] scsi target2:0:1: Domain Validation skipping write tests
[    8.954534] scsi target2:0:1: Ending Domain Validation
[    8.975769] scsi target2:0:1: asynchronous
[    9.110179] sd 2:0:0:0: [sda] 20971520 512-byte logical blocks: (10.7 GB/10.0 GiB)
[    9.129647] sd 2:0:0:0: Attached scsi generic sg0 type 0
[    9.154937] sd 2:0:0:0: [sda] Write Protect is off
[    9.170284] sd 2:0:1:0: Attached scsi generic sg1 type 0
[    9.192885] sd 2:0:1:0: [sdb] 20480 512-byte logical blocks: (10.5 MB/10.0 MiB)
[    9.226368] sd 2:0:1:0: [sdb] Write Protect is off
[    9.239286] sd 2:0:1:0: [sdb] Incomplete mode parameter data
[    9.245249] sd 2:0:0:0: [sda] Incomplete mode parameter data
[    9.258709] sd 2:0:1:0: [sdb] Assuming drive cache: write through
[    9.309851] sd 2:0:0:0: [sda] Assuming drive cache: write through
[    9.399327] sd 2:0:1:0: [sdb] Attached SCSI disk
[    9.438657]  sda: sda1
[    9.519339] sd 2:0:0:0: [sda] Attached SCSI disk
[   11.373499] e1000 0000:00:03.0 eth0: (PCI:33MHz:32-bit) 02:60:71:1d:34:36
[   11.394786] e1000 0000:00:03.0 eth0: Intel(R) PRO/1000 Network Connection
[   13.087965] e1000 0000:00:08.0 eth1: (PCI:33MHz:32-bit) 08:00:27:a1:0c:fc
[   13.107570] e1000 0000:00:08.0 eth1: Intel(R) PRO/1000 Network Connection
[   13.132750] e1000 0000:00:08.0 enp0s8: renamed from eth1
[   17.491667] e1000 0000:00:03.0 enp0s3: renamed from eth0
Begin: Loading essential drivers ... [   22.152998] raid6: sse2x1   gen()  3812 MB/s
[   22.209778] raid6: sse2x1   xor()  2594 MB/s
[   22.264344] raid6: sse2x2   gen()  4351 MB/s
[   22.320987] raid6: sse2x2   xor()  3105 MB/s
[   22.385952] raid6: sse2x4   gen()  2829 MB/s
[   22.445020] raid6: sse2x4   xor()  1832 MB/s
[   22.453411] raid6: using algorithm sse2x2 gen() 4351 MB/s
[   22.463838] raid6: .... xor() 3105 MB/s, rmw enabled
[   22.475526] raid6: using ssse3x2 recovery algorithm
[   22.492790] xor: measuring software checksum speed
[   22.599649]    prefetch64-sse: 21888.000 MB/sec
[   22.707115]    generic_sse: 19219.000 MB/sec
[   22.717771] xor: using function: prefetch64-sse (21888.000 MB/sec)
[   22.736878] async_tx: api initialized (async)
done.
Begin: Running /scripts/init-premount ... done.
Begin: Mounting root file system ... Begin: Running /scripts/local-top ... done.
Begin: Running /scripts/local-premount ... [   22.973181] Btrfs loaded, crc32c=crc32c-intel
Scanning for Btrfs filesystems
done.
Warning: fsck not present, so skipping root file system
[   23.194659] EXT4-fs (sda1): mounted filesystem with ordered data mode. Opts: (null)
done.
Begin: Running /scripts/local-bottom ... done.
Begin: Running /scripts/init-bottom ... done.
[   23.942872] ip_tables: (C) 2000-2006 Netfilter Core Team
[   24.060129] systemd[1]: systemd 237 running in system mode. (+PAM +AUDIT +SELINUX +IMA +APPARMOR +SMACK +SYSVINIT +UTMP +LIBCRYPTSETUP +GCRYPT +GNUTLS +ACL +XZ +LZ4 +SECCOMP +BLKID +ELFUTILS +KMOD -IDN2 +IDN -PCRE2 default-hierarchy=hybrid)
[   24.108965] systemd[1]: Detected virtualization oracle.
[   24.139078] systemd[1]: Detected architecture x86-64.

Welcome to [1mUbuntu 18.04.5 LTS[0m!

[   24.242075] systemd[1]: Set hostname to <ubuntu-bionic>.
[   24.982441] random: crng init done
[   24.991220] random: 7 urandom warning(s) missed due to ratelimiting
[   25.572936] systemd[1]: Created slice System Slice.
[[0;32m  OK  [0m] Created slice System Slice.
[   25.594444] systemd[1]: Listening on Device-mapper event daemon FIFOs.
[[0;32m  OK  [0m] Listening on Device-mapper event daemon FIFOs.
[   25.621738] systemd[1]: Created slice system-serial\x2dgetty.slice.
[[0;32m  OK  [0m] Created slice system-serial\x2dgetty.slice.
[   25.647616] systemd[1]: Reached target System Time Synchronized.
[[0;32m  OK  [0m] Reached target System Time Synchronized.
[   25.705008] systemd[1]: Listening on Network Service Netlink Socket.
[[0;32m  OK  [0m] Listening on Network Service Netlink Socket.
[   25.731045] systemd[1]: Listening on udev Control Socket.
[[0;32m  OK  [0m] Listening on udev Control Socket.
[[0;32m  OK  [0m] Listening on Journal Socket.
         Starting Uncomplicated firewall...
         Mounting POSIX Message Queue File System...
         Mounting Kernel Debug File System...
         Starting Set the console keyboard layout...
         Mounting Huge Pages File System...
[[0;32m  OK  [0m] Listening on Journal Audit Socket.
         Starting Remount Root and Kernel File Systems...
         Starting Load Kernel Modules...
[[0;32m  OK  [0m] Set up automount Arbitrary Executabâ€¦rmats File System Automount Point.
[   25.949149] EXT4-fs (sda1): re-mounted. Opts: (null)
[[0;32m  OK  [0m] Reached target Swap.
[[0;32m  OK  [0m] Listening on udev Kernel Socket.
[[0;32m  OK  [0m] Created slice User and Session Slice.[   26.000972] Loading iSCSI transport class v2.0-870.

         Starting udev Coldplug all Devices...
         Starting Create list of required stâ€¦ce nodes for the current kernel...
[[0;32m  OK  [0m] Listening on Syslog Socket.
[[0;32m  OK  [0m] Listening on LVM2 poll daemon socket.
[[0;32m  OK  [0m] Started Forward Password Requests to Wall Directory Watch.
[[0;32m  OK  [0m] Listening on Journal Socket (/dev/log).
         Starting Journal Service...
[   26.235374] iscsi: registered transport (tcp)
[[0;32m  OK  [0m] Listening on LVM2 metadata daemon socket.
         Starting Monitoring of LVM2 mirrorsâ€¦ng dmeventd or progress polling...
[[0;32m  OK  [0m] Reached target User and Group Name Lookups.
[[0;32m  OK  [0m] Listening on /dev/initctl Compatibility Named Pipe.
[[0;32m  OK  [0m] Reached target Slices.
[[0;32m  OK  [0m] Started Uncomplicated firewall.
[[0;32m  OK  [0m] Mounted POSIX Message Queue File System.
[[0;32m  OK  [0m] Mounted Kernel Debug File System.
[[0;32m  OK  [0m] Mounted Huge Pages File System.
[[0;32m  OK  [0m] Started Remount Root and Kernel File Systems.
[[0;32m  OK  [0m] Started Create list of required staâ€¦vice nodes for the current kernel.
         Starting Create Static Device Nodes in /dev...
         Starting Load/Save Random Seed...
[[0;32m  OK  [0m] Started LVM2 metadata daemon.
[[0;32m  OK  [0m] Started Create Static Device Nodes in /dev.
[   26.845724] iscsi: registered transport (iser)
         Starting udev Kernel Device Manager...
[[0;32m  OK  [0m] Started Load Kernel Modules.
[[0;32m  OK  [0m] Started Load/Save Random Seed.
         Starting Apply Kernel Variables...
         Mounting FUSE Control File System...
         Mounting Kernel Configuration File System...
[[0;32m  OK  [0m] Started Monitoring of LVM2 mirrors,â€¦sing dmeventd or progress polling.
[[0;32m  OK  [0m] Mounted Kernel Configuration File System.
[[0;32m  OK  [0m] Started udev Coldplug all Devices.
[[0;32m  OK  [0m] Mounted FUSE Control File System.
[[0;32m  OK  [0m] Started Journal Service.
         Starting Flush Journal to Persistent Storage...
[[0;32m  OK  [0m] Started Apply Kernel Variables.
[[0;32m  OK  [0m] Started udev Kernel Device Manager.
[[0;32m  OK  [0m] Started Flush Journal to Persistent Storage.
[[0;32m  OK  [0m] Found device /dev/ttyS0.
[[0;32m  OK  [0m] Listening on Load/Save RF Kill Switch Status /dev/rfkill Watch.
[[0;32m  OK  [0m] Started Set the console keyboard layout.
[[0;32m  OK  [0m] Reached target Local File Systems (Pre).
[[0;32m  OK  [0m] Reached target Local File Systems.
         Starting AppArmor initialization...
         Starting ebtables ruleset management...
         Starting Tell Plymouth To Write Out Runtime Data...
         Starting Set console font and keymap...
         Starting Create Volatile Files and Directories...
         Mounting /home/vagrant/api...
         Mounting /vagrant...
[[0;32m  OK  [0m] Started Dispatch Password Requests to Console Directory Watch.
[[0;32m  OK  [0m] Reached target Local Encrypted Volumes.
[[0;32m  OK  [0m] Started Set console font and keymap.
[[0;32m  OK  [0m] Started Tell Plymouth To Write Out Runtime Data.
[[0;32m  OK  [0m] Started Create Volatile Files and Directories.
         Starting Update UTMP about System Boot/Shutdown...
[[0;32m  OK  [0m] Mounted /vagrant.
[[0;1;31mFAILED[0m] Failed to mount /home/vagrant/api.
See 'systemctl status home-vagrant-api.mount' for details.
[[0;32m  OK  [0m] Started Update UTMP about System Boot/Shutdown.
[[0;32m  OK  [0m] Started ebtables ruleset management.
[[0;32m  OK  [0m] Started AppArmor initialization.
         Starting Load AppArmor profiles managed internally by snapd...
         Starting Initial cloud-init job (pre-networking)...
[[0;32m  OK  [0m] Started Load AppArmor profiles managed internally by snapd.
[   36.984534] cloud-init[624]: Cloud-init v. 20.3-2-g371b392c-0ubuntu1~18.04.1 running 'init-local' at Fri, 26 Mar 2021 15:27:40 +0000. Up 36.42 seconds.
[[0;32m  OK  [0m] Started Initial cloud-init job (pre-networking).
[[0;32m  OK  [0m] Reached target Network (Pre).
         Starting Network Service...
[[0;32m  OK  [0m] Started Network Service.
         Starting Wait for Network to be Configured...
         Starting Network Name Resolution...
[[0;32m  OK  [0m] Started Network Name Resolution.
[[0;32m  OK  [0m] Reached target Network.
[[0;32m  OK  [0m] Reached target Host and Network Name Lookups.
[[0m[0;31m*     [0m] A start job is running for Wait forâ€¦ to be Configured (17s / no limit)[K[[0;1;31m*[0m[0;31m*    [0m] A start job is running for Wait forâ€¦ to be Configured (18s / no limit)[K[[0;32m  OK  [0m] Started Wait for Network to be Configured.
         Starting Initial cloud-init job (metadata service crawler)...
[   47.535103] cloud-init[722]: Cloud-init v. 20.3-2-g371b392c-0ubuntu1~18.04.1 running 'init' at Fri, 26 Mar 2021 15:27:50 +0000. Up 46.60 seconds.
[   47.579370] cloud-init[722]: ci-info: ++++++++++++++++++++++++++++++++++++++Net device info++++++++++++++++++++++++++++++++++++++
[   47.602573] cloud-init[722]: ci-info: +--------+------+----------------------------+---------------+--------+-------------------+
[   47.647495] cloud-init[722]: ci-info: | Device |  Up  |          Address           |      Mask     | Scope  |     Hw-Address    |
[   47.677219] cloud-init[722]: ci-info: +--------+------+----------------------------+---------------+--------+-------------------+
[   47.720021] cloud-init[722]: ci-info: | enp0s3 | True |         10.0.2.15          | 255.255.255.0 | global | 02:60:71:1d:34:36 |
[   47.742199] cloud-init[722]: ci-info: | enp0s3 | True | fe80::60:71ff:fe1d:3436/64 |       .       |  link  | 02:60:71:1d:34:36 |
[   47.781499] cloud-init[722]: ci-info: | enp0s8 | True |       192.168.1.142        | 255.255.255.0 | global | 08:00:27:a1:0c:fc |
[   47.808206] cloud-init[722]: ci-info: | enp0s8 | True | fe80::a00:27ff:fea1:cfc/64 |       .       |  link  | 08:00:27:a1:0c:fc |
[   47.835773] cloud-init[722]: ci-info: |   lo   | True |         127.0.0.1          |   255.0.0.0   |  host  |         .         |
[   47.897826] cloud-init[722]: ci-info: |   lo   | True |          ::1/128           |       .       |  host  |         .         |
[   47.921128] cloud-init[722]: ci-info: +--------+------+----------------------------+---------------+--------+-------------------+
[   47.965605] cloud-init[722]: ci-info: ++++++++++++++++++++++++++++++Route IPv4 info++++++++++++++++++++++++++++++
[   47.995761] cloud-init[722]: ci-info: +-------+-------------+-------------+-----------------+-----------+-------+
[   48.033380] cloud-init[722]: ci-info: | Route | Destination |   Gateway   |     Genmask     | Interface | Flags |
[   48.054484] cloud-init[722]: ci-info: +-------+-------------+-------------+-----------------+-----------+-------+
[   48.097853] cloud-init[722]: ci-info: |   0   |   0.0.0.0   |   10.0.2.2  |     0.0.0.0     |   enp0s3  |   UG  |
[   48.130234] cloud-init[722]: ci-info: |   1   |   0.0.0.0   | 192.168.1.1 |     0.0.0.0     |   enp0s8  |   UG  |
[   48.167778] cloud-init[722]: ci-info: |   2   |   10.0.2.0  |   0.0.0.0   |  255.255.255.0  |   enp0s3  |   U   |
[   48.194668] cloud-init[722]: ci-info: |   3   |   10.0.2.2  |   0.0.0.0   | 255.255.255.255 |   enp0s3  |   UH  |
[   48.211835] cloud-init[722]: ci-info: |   4   | 192.168.1.0 |   0.0.0.0   |  255.255.255.0  |   enp0s8  |   U   |
[   48.232574] cloud-init[722]: ci-info: |   5   | 192.168.1.1 |   0.0.0.0   | 255.255.255.255 |   enp0s8  |   UH  |
[   48.247500] cloud-init[722]: ci-info: +-------+-------------+-------------+-----------------+-----------+-------+
[   48.265770] cloud-init[722]: ci-info: +++++++++++++++++++Route IPv6 info+++++++++++++++++++
[   48.311992] cloud-init[722]: ci-info: +-------+-------------+---------+-----------+-------+
[   48.343203] cloud-init[722]: ci-info: | Route | Destination | Gateway | Interface | Flags |
[   48.355683] cloud-init[722]: ci-info: +-------+-------------+---------+-----------+-------+
[   48.363172] cloud-init[722]: ci-info: |   1   |  fe80::/64  |    ::   |   enp0s8  |   U   |
[   48.370430] cloud-init[722]: ci-info: |   2   |  fe80::/64  |    ::   |   enp0s3  |   U   |
[   48.377268] cloud-init[722]: ci-info: |   4   |    local    |    ::   |   enp0s3  |   U   |
[   48.386582] cloud-init[722]: ci-info: |   5   |    local    |    ::   |   enp0s8  |   U   |
[   48.408576] cloud-init[722]: ci-info: |   6   |   ff00::/8  |    ::   |   enp0s8  |   U   |
[   48.422223] cloud-init[722]: ci-info: |   7   |   ff00::/8  |    ::   |   enp0s3  |   U   |
[   48.445609] cloud-init[722]: ci-info: +-------+-------------+---------+-----------+-------+
[[0;32m  OK  [0m] Started Initial cloud-init job (metadata service crawler).
[[0;32m  OK  [0m] Reached target Network is Online.
         Starting Availability of block devices...
[[0;32m  OK  [0m] Reached target Remote File Systems (Pre).
[[0;32m  OK  [0m] Reached target Remote File Systems.
[[0;32m  OK  [0m] Reached target System Initialization.
[[0;32m  OK  [0m] Listening on ACPID Listen Socket.
         Starting Docker Socket for the API.
[[0;32m  OK  [0m] Started Daily apt download activities.
         Starting Socket activation for snappy daemon.
[[0;32m  OK  [0m] Listening on D-Bus System Message Bus Socket.
[[0;32m  OK  [0m] Started ACPI Events Check.
[[0;32m  OK  [0m] Reached target Paths.
[[0;32m  OK  [0m] Listening on Open-iSCSI iscsid Socket.
[[0;32m  OK  [0m] Started Discard unused blocks once a week.
[[0;32m  OK  [0m] Listening on UUID daemon activation socket.
         Starting LXD - unix socket.
[[0;32m  OK  [0m] Started Message of the Day.
[[0;32m  OK  [0m] Started Daily Cleanup of Temporary Directories.
[[0;32m  OK  [0m] Started Daily apt upgrade and clean activities.
[[0;32m  OK  [0m] Reached target Timers.
[[0;32m  OK  [0m] Reached target Cloud-config availability.
[[0;32m  OK  [0m] Started Availability of block devices.
[[0;32m  OK  [0m] Listening on Docker Socket for the API.
[[0;32m  OK  [0m] Listening on Socket activation for snappy daemon.
[[0;32m  OK  [0m] Listening on LXD - unix socket.
[[0;32m  OK  [0m] Reached target Sockets.
[[0;32m  OK  [0m] Reached target Basic System.
         Starting Permit User Sessions...
         Starting System Logging Service...
         Starting Dispatcher daemon for systemd-networkd...
         Starting Message of the Day...
         Starting Accounts Service...
         Starting Login Service...
         Starting LSB: automatic crash report generation...
         Starting Snap Daemon...
         Starting Virtualbox guest utils...
         Starting LSB: Record successful boot for GRUB...
[[0;32m  OK  [0m] Started Regular background program processing daemon.
         Starting Ubuntu FAN network setup...
[[0;32m  OK  [0m] Started D-Bus System Message Bus.
[[0;32m  OK  [0m] Started Login Service.
[[0;32m  OK  [0m] Started Unattended Upgrades Shutdown.
         Starting containerd container runtime...
[[0;32m  OK  [0m] Started Deferred execution scheduler.
[[0;32m  OK  [0m] Started irqbalance daemon.
         Starting OpenBSD Secure Shell server...
[[0;32m  OK  [0m] Started FUSE filesystem for LXC.
         Starting LXD - container startup/shutdown...
[[0;32m  OK  [0m] Started System Logging Service.
[[0;32m  OK  [0m] Started Permit User Sessions.
[[0;32m  OK  [0m] Started containerd container runtime.
         Starting Authorization Manager...
         Starting Hostname Service...
         Starting Docker Application Container Engine...
         Starting Hold until boot process finishes up...
         Starting Terminate Plymouth Boot Screen...
[[0;32m  OK  [0m] Started Terminate Plymouth Boot Screen.
[[0;32m  OK  [0m] Started Hold until boot process finishes up.
         Starting Set console scheme...
[[0;32m  OK  [0m] Started Serial Getty on ttyS0.
[[0;32m  OK  [0m] Started LSB: automatic crash report generation.
[[0;32m  OK  [0m] Started Set console scheme.
[[0;32m  OK  [0m] Created slice system-getty.slice.
[[0;32m  OK  [0m] Started Getty on tty1.
[[0;32m  OK  [0m] Reached target Login Prompts.
[[0;32m  OK  [0m] Started LSB: Record successful boot for GRUB.
[[0;32m  OK  [0m] Started Authorization Manager.
[[0;32m  OK  [0m] Started Accounts Service.
[[0;32m  OK  [0m] Started Hostname Service.
[[0;32m  OK  [0m] Started OpenBSD Secure Shell server.
[[0;32m  OK  [0m] Started Virtualbox guest utils.
[[0;32m  OK  [0m] Started Dispatcher daemon for systemd-networkd.
[[0;32m  OK  [0m] Created slice User Slice of vagrant.
[[0;32m  OK  [0m] Started LXD - container startup/shutdown.
[[0;32m  OK  [0m] Started Ubuntu FAN network setup.
         Starting User Manager for UID 1000...
[[0;32m  OK  [0m] Started Session 1 of user vagrant.
[[0;32m  OK  [0m] Started User Manager for UID 1000.

Ubuntu 18.04.5 LTS ubuntu-bionic ttyS0

ubuntu-bionic login: [   60.621544] cloud-init[1345]: Cloud-init v. 20.3-2-g371b392c-0ubuntu1~18.04.1 running 'modules:config' at Fri, 26 Mar 2021 15:28:04 +0000. Up 59.95 seconds.
[   64.869911] cloud-init[1767]: Cloud-init v. 20.3-2-g371b392c-0ubuntu1~18.04.1 running 'modules:final' at Fri, 26 Mar 2021 15:28:08 +0000. Up 64.52 seconds.
[   64.929162] cloud-init[1767]: Cloud-init v. 20.3-2-g371b392c-0ubuntu1~18.04.1 finished at Fri, 26 Mar 2021 15:28:09 +0000. Datasource DataSourceNoCloud [seed=/dev/sdb][dsmode=net].  Up 64.84 seconds
